{
  "source": "Q:\\20260528-160426.mp4",
  "output_video": "E:\\Downloads\\ultralytics\\runs\\lock_target_corner_cases\\corner_20260528_160426\\corner_img1152\\20260528-160426_locked.mp4",
  "frame_metrics_json": "E:\\Downloads\\ultralytics\\runs\\lock_target_corner_cases\\corner_20260528_160426\\corner_img1152\\20260528-160426_frame_metrics.json",
  "performance_json": "E:\\Downloads\\ultralytics\\runs\\lock_target_corner_cases\\corner_20260528_160426\\corner_img1152\\20260528-160426_performance.json",
  "selected_at_frame": 1,
  "target_initialized": true,
  "target_name": "TARGET-1",
  "final_tracker_id": 59,
  "tracker_switches": 13,
  "reacquired_count": 3,
  "lost_frames": 0,
  "face_detected_frames": 671,
  "face_miss_frames": 0,
  "total_face_misses": 20,
  "max_face_miss_streak": 11,
  "total_updates": 691,
  "final_control_state": "TRACKING",
  "final_lock_mode": "FACE_LOCK",
  "final_filtered_target_center": {
    "x": 481.79,
    "y": 644.2
  },
  "control_alpha": 0.72,
  "control_max_step": 40.0,
  "control_deadband": 12.0,
  "processed_frames": 774,
  "runtime_sec": 1025.827,
  "effective_fps": 0.755
}
