WARNING not enough matching points
WARNING not enough matching points
WARNING not enough matching points
WARNING not enough matching points
WARNING not enough matching points
WARNING not enough matching points
WARNING not enough matching points
WARNING not enough matching points
WARNING not enough matching points
WARNING not enough matching points
WARNING not enough matching points
WARNING not enough matching points
WARNING not enough matching points
WARNING not enough matching points
WARNING not enough matching points
WARNING not enough matching points
WARNING not enough matching points
WARNING not enough matching points
WARNING not enough matching points
WARNING not enough matching points
WARNING not enough matching points
WARNING not enough matching points
WARNING not enough matching points
WARNING not enough matching points
WARNING not enough matching points
WARNING not enough matching points
WARNING not enough matching points
WARNING not enough matching points
{
  "source": "Q:\\20260521-120258.mp4",
  "output_video": "E:\\Downloads\\ultralytics\\runs\\lock_target_tuning\\mtcnn_interval_3\\20260521-120258_locked.mp4",
  "frame_metrics_json": "E:\\Downloads\\ultralytics\\runs\\lock_target_tuning\\mtcnn_interval_3\\20260521-120258_frame_metrics.json",
  "performance_json": "E:\\Downloads\\ultralytics\\runs\\lock_target_tuning\\mtcnn_interval_3\\20260521-120258_performance.json",
  "selected_at_frame": 3,
  "target_initialized": true,
  "target_name": "TARGET-1",
  "final_tracker_id": 58,
  "tracker_switches": 5,
  "reacquired_count": 3,
  "lost_frames": 0,
  "face_detected_frames": 532,
  "face_miss_frames": 0,
  "total_face_misses": 129,
  "max_face_miss_streak": 19,
  "total_updates": 661,
  "final_control_state": "TRACKING",
  "final_lock_mode": "FACE_LOCK",
  "final_filtered_target_center": {
    "x": 336.83,
    "y": 744.23
  },
  "control_alpha": 0.72,
  "control_max_step": 40.0,
  "control_deadband": 12.0,
  "processed_frames": 731,
  "runtime_sec": 665.433,
  "effective_fps": 1.099
}
[ WARN:0@5.366] global ocl.cpp:1030 cv::ocl::OpenCLExecutionContext::Impl::getInitializedExecutionContext OpenCL: Can't initialize OpenCL context/device/queue: unknown C++ exception
