[2026-05-28 09:36:04] Experiment runner initialized.
[2026-05-28 09:36:04] Starting G1 detect_img1152
[2026-05-28 09:36:57] Experiment runner initialized.
[2026-05-28 09:36:58] Starting G1 detect_img1152
[2026-05-28 09:49:16] Manual monitor attached to G1 detect_img1152 pid=18812 params=--imgsz 1152
[2026-05-28 09:49:16] Heartbeat G1 pid=18812 mp4_bytes=14942252
[2026-05-28 09:49:35] Heartbeat G1 pid=18812 mp4_bytes=15204396
[2026-05-28 09:51:10] Manual monitor attached to G1 detect_img1152 pid=18812 params=--imgsz 1152
[2026-05-28 09:51:10] Heartbeat G1 pid=18812 mp4_bytes=16777260
[2026-05-28 09:51:40] Heartbeat G1 pid=18812 mp4_bytes=17563692
[2026-05-28 09:52:10] Heartbeat G1 pid=18812 mp4_bytes=17825836
[2026-05-28 09:52:40] Heartbeat G1 pid=18812 mp4_bytes=18087980
[2026-05-28 09:53:10] Heartbeat G1 pid=18812 mp4_bytes=18350124
[2026-05-28 09:53:41] Heartbeat G1 pid=18812 mp4_bytes=18874412
[2026-05-28 09:54:11] Heartbeat G1 pid=18812 mp4_bytes=19660844
[2026-05-28 09:54:41] Heartbeat G1 pid=18812 mp4_bytes=20447276
[2026-05-28 09:55:11] Heartbeat G1 pid=18812 mp4_bytes=20971564
[2026-05-28 09:55:41] Heartbeat G1 pid=18812 mp4_bytes=21495852
[2026-05-28 09:56:11] Heartbeat G1 pid=18812 mp4_bytes=22020140
[2026-05-28 09:56:41] Heartbeat G1 pid=18812 mp4_bytes=22282284
[2026-05-28 09:57:11] Heartbeat G1 pid=18812 mp4_bytes=22806572
[2026-05-28 09:57:41] Heartbeat G1 pid=18812 mp4_bytes=23330860
[2026-05-28 09:57:42] Resume runner armed after G1 detect_img1152
[2026-05-28 09:58:11] Heartbeat G1 pid=18812 mp4_bytes=23593004
[2026-05-28 09:58:41] Heartbeat G1 pid=18812 mp4_bytes=23855148
[2026-05-28 09:58:56] Completed G1 detect_img1152 fps=0.557 runtime=1311.694
[2026-05-28 09:58:56] Starting G2 face_recall_boost
[2026-05-28 09:59:11] Heartbeat G1 pid=18812 mp4_bytes=24228284
[2026-05-28 09:59:12] Detected completion for G1 detect_img1152; continuing remaining experiments
[2026-05-28 09:59:12] Starting G2 face_recall_boost
[2026-05-28 10:03:12] Completed G1 detect_img1152 fps=0.518 runtime=1411.213
[2026-05-28 10:04:50] Resume runner armed after G2 face_recall_boost
[2026-05-28 10:17:52] Detected completion for G2 face_recall_boost; continuing remaining experiments
[2026-05-28 10:17:52] Starting G3 reacquire_loose
[2026-05-28 10:31:08] Completed G3 reacquire_loose fps=0.929 runtime=787.143
[2026-05-28 10:31:08] Starting G4 reacquire_strict
[2026-05-28 10:44:15] Completed G4 reacquire_strict fps=0.938 runtime=779.289
[2026-05-28 10:44:15] Starting G5 reid_interval_8
[2026-05-28 10:52:44] Completed G5 reid_interval_8 fps=1.458 runtime=501.478
[2026-05-28 10:52:44] Starting G6 mtcnn_interval_3
[2026-05-28 11:03:56] Completed G6 mtcnn_interval_3 fps=1.099 runtime=665.433
[2026-05-28 11:03:56] Starting G7 light_balanced
[2026-05-28 11:13:02] Completed G7 light_balanced fps=1.358 runtime=538.486
[2026-05-28 11:13:03] Remaining experiments completed successfully.
